Archive member included to satisfy reference by file (symbol)

c:/mounriver/mounriver_studio/toolchain/risc-v embedded gcc/bin/../lib/gcc/riscv-none-embed/8.2.0/rv32imacxw/ilp32\libgcc.a(save-restore.o)
                              ./FreeRTOS/timers.o (__riscv_save_10)
c:/mounriver/mounriver_studio/toolchain/risc-v embedded gcc/bin/../lib/gcc/riscv-none-embed/8.2.0/../../../../riscv-none-embed/lib/rv32imacxw/ilp32\libg_nano.a(lib_a-memcpy.o)
                              ./FreeRTOS/queue.o (memcpy)
c:/mounriver/mounriver_studio/toolchain/risc-v embedded gcc/bin/../lib/gcc/riscv-none-embed/8.2.0/../../../../riscv-none-embed/lib/rv32imacxw/ilp32\libg_nano.a(lib_a-memset.o)
                              ./FreeRTOS/stream_buffer.o (memset)
c:/mounriver/mounriver_studio/toolchain/risc-v embedded gcc/bin/../lib/gcc/riscv-none-embed/8.2.0/../../../../riscv-none-embed/lib/rv32imacxw/ilp32\libg_nano.a(lib_a-printf.o)
                              ./User/main.o (printf)
c:/mounriver/mounriver_studio/toolchain/risc-v embedded gcc/bin/../lib/gcc/riscv-none-embed/8.2.0/../../../../riscv-none-embed/lib/rv32imacxw/ilp32\libg_nano.a(lib_a-puts.o)
                              ./User/main.o (puts)
c:/mounriver/mounriver_studio/toolchain/risc-v embedded gcc/bin/../lib/gcc/riscv-none-embed/8.2.0/../../../../riscv-none-embed/lib/rv32imacxw/ilp32\libg_nano.a(lib_a-wbuf.o)
                              c:/mounriver/mounriver_studio/toolchain/risc-v embedded gcc/bin/../lib/gcc/riscv-none-embed/8.2.0/../../../../riscv-none-embed/lib/rv32imacxw/ilp32\libg_nano.a(lib_a-puts.o) (__swbuf_r)
c:/mounriver/mounriver_studio/toolchain/risc-v embedded gcc/bin/../lib/gcc/riscv-none-embed/8.2.0/../../../../riscv-none-embed/lib/rv32imacxw/ilp32\libg_nano.a(lib_a-wsetup.o)
                              c:/mounriver/mounriver_studio/toolchain/risc-v embedded gcc/bin/../lib/gcc/riscv-none-embed/8.2.0/../../../../riscv-none-embed/lib/rv32imacxw/ilp32\libg_nano.a(lib_a-puts.o) (__swsetup_r)
c:/mounriver/mounriver_studio/toolchain/risc-v embedded gcc/bin/../lib/gcc/riscv-none-embed/8.2.0/../../../../riscv-none-embed/lib/rv32imacxw/ilp32\libg_nano.a(lib_a-fflush.o)
                              c:/mounriver/mounriver_studio/toolchain/risc-v embedded gcc/bin/../lib/gcc/riscv-none-embed/8.2.0/../../../../riscv-none-embed/lib/rv32imacxw/ilp32\libg_nano.a(lib_a-wbuf.o) (_fflush_r)
c:/mounriver/mounriver_studio/toolchain/risc-v embedded gcc/bin/../lib/gcc/riscv-none-embed/8.2.0/../../../../riscv-none-embed/lib/rv32imacxw/ilp32\libg_nano.a(lib_a-findfp.o)
                              c:/mounriver/mounriver_studio/toolchain/risc-v embedded gcc/bin/../lib/gcc/riscv-none-embed/8.2.0/../../../../riscv-none-embed/lib/rv32imacxw/ilp32\libg_nano.a(lib_a-printf.o) (__sinit)
c:/mounriver/mounriver_studio/toolchain/risc-v embedded gcc/bin/../lib/gcc/riscv-none-embed/8.2.0/../../../../riscv-none-embed/lib/rv32imacxw/ilp32\libg_nano.a(lib_a-fwalk.o)
                              c:/mounriver/mounriver_studio/toolchain/risc-v embedded gcc/bin/../lib/gcc/riscv-none-embed/8.2.0/../../../../riscv-none-embed/lib/rv32imacxw/ilp32\libg_nano.a(lib_a-findfp.o) (_fwalk)
c:/mounriver/mounriver_studio/toolchain/risc-v embedded gcc/bin/../lib/gcc/riscv-none-embed/8.2.0/../../../../riscv-none-embed/lib/rv32imacxw/ilp32\libg_nano.a(lib_a-impure.o)
                              c:/mounriver/mounriver_studio/toolchain/risc-v embedded gcc/bin/../lib/gcc/riscv-none-embed/8.2.0/../../../../riscv-none-embed/lib/rv32imacxw/ilp32\libg_nano.a(lib_a-fflush.o) (_global_impure_ptr)
c:/mounriver/mounriver_studio/toolchain/risc-v embedded gcc/bin/../lib/gcc/riscv-none-embed/8.2.0/../../../../riscv-none-embed/lib/rv32imacxw/ilp32\libg_nano.a(lib_a-makebuf.o)
                              c:/mounriver/mounriver_studio/toolchain/risc-v embedded gcc/bin/../lib/gcc/riscv-none-embed/8.2.0/../../../../riscv-none-embed/lib/rv32imacxw/ilp32\libg_nano.a(lib_a-wsetup.o) (__smakebuf_r)
c:/mounriver/mounriver_studio/toolchain/risc-v embedded gcc/bin/../lib/gcc/riscv-none-embed/8.2.0/../../../../riscv-none-embed/lib/rv32imacxw/ilp32\libg_nano.a(lib_a-nano-freer.o)
                              c:/mounriver/mounriver_studio/toolchain/risc-v embedded gcc/bin/../lib/gcc/riscv-none-embed/8.2.0/../../../../riscv-none-embed/lib/rv32imacxw/ilp32\libg_nano.a(lib_a-wsetup.o) (_free_r)
c:/mounriver/mounriver_studio/toolchain/risc-v embedded gcc/bin/../lib/gcc/riscv-none-embed/8.2.0/../../../../riscv-none-embed/lib/rv32imacxw/ilp32\libg_nano.a(lib_a-nano-mallocr.o)
                              c:/mounriver/mounriver_studio/toolchain/risc-v embedded gcc/bin/../lib/gcc/riscv-none-embed/8.2.0/../../../../riscv-none-embed/lib/rv32imacxw/ilp32\libg_nano.a(lib_a-findfp.o) (_malloc_r)
c:/mounriver/mounriver_studio/toolchain/risc-v embedded gcc/bin/../lib/gcc/riscv-none-embed/8.2.0/../../../../riscv-none-embed/lib/rv32imacxw/ilp32\libg_nano.a(lib_a-nano-vfprintf.o)
[...]
Memory Configuration

Name             Origin             Length             Attributes
FLASH            0x0000000000000000 0x0000000000008000 xr
RAM              0x0000000020000000 0x0000000000002800 xrw
*default*        0x0000000000000000 0xffffffffffffffff

Linker script and memory map

LOAD ./User/ch32v20x_it.o
LOAD ./User/main.o
LOAD ./User/system_ch32v20x.o
LOAD ./Startup/startup_ch32v20x_D6.o
LOAD ./Peripheral/src/ch32v20x_adc.o
LOAD ./Peripheral/src/ch32v20x_bkp.o
LOAD ./Peripheral/src/ch32v20x_can.o
LOAD ./Peripheral/src/ch32v20x_crc.o
LOAD ./Peripheral/src/ch32v20x_dbgmcu.o
LOAD ./Peripheral/src/ch32v20x_dma.o
LOAD ./Peripheral/src/ch32v20x_exti.o
LOAD ./Peripheral/src/ch32v20x_flash.o
LOAD ./Peripheral/src/ch32v20x_gpio.o
LOAD ./Peripheral/src/ch32v20x_i2c.o
LOAD ./Peripheral/src/ch32v20x_iwdg.o
LOAD ./Peripheral/src/ch32v20x_misc.o
LOAD ./Peripheral/src/ch32v20x_opa.o
LOAD ./Peripheral/src/ch32v20x_pwr.o
LOAD ./Peripheral/src/ch32v20x_rcc.o
LOAD ./Peripheral/src/ch32v20x_rtc.o
LOAD ./Peripheral/src/ch32v20x_spi.o
LOAD ./Peripheral/src/ch32v20x_tim.o
LOAD ./Peripheral/src/ch32v20x_usart.o
LOAD ./Peripheral/src/ch32v20x_wwdg.o
LOAD ./FreeRTOS/portable/MemMang/heap_4.o
LOAD ./FreeRTOS/portable/GCC/RISC-V/port.o
LOAD ./FreeRTOS/portable/GCC/RISC-V/portASM.o
LOAD ./FreeRTOS/croutine.o
LOAD ./FreeRTOS/event_groups.o
LOAD ./FreeRTOS/list.o
LOAD ./FreeRTOS/queue.o
LOAD ./FreeRTOS/staticmem.o
LOAD ./FreeRTOS/stream_buffer.o
LOAD ./FreeRTOS/tasks.o
LOAD ./FreeRTOS/timers.o
LOAD ./Debug/debug.o
LOAD ./Core/core_riscv.o
LOAD c:/mounriver/mounriver_studio/toolchain/risc-v embedded gcc/bin/../lib/gcc/riscv-none-embed/8.2.0/rv32imacxw/ilp32\libgcc.a
LOAD c:/mounriver/mounriver_studio/toolchain/risc-v embedded gcc/bin/../lib/gcc/riscv-none-embed/8.2.0/../../../../riscv-none-embed/lib/rv32imacxw/ilp32\libg_nano.a
LOAD c:/mounriver/mounriver_studio/toolchain/risc-v embedded gcc/bin/../lib/gcc/riscv-none-embed/8.2.0/../../../../riscv-none-embed/lib/rv32imacxw/ilp32\libc_nano.a
LOAD c:/mounriver/mounriver_studio/toolchain/risc-v embedded gcc/bin/../lib/gcc/riscv-none-embed/8.2.0/rv32imacxw/ilp32\libgcc.a
START GROUP
LOAD c:/mounriver/mounriver_studio/toolchain/risc-v embedded gcc/bin/../lib/gcc/riscv-none-embed/8.2.0/rv32imacxw/ilp32\libgcc.a
LOAD c:/mounriver/mounriver_studio/toolchain/risc-v embedded gcc/bin/../lib/gcc/riscv-none-embed/8.2.0/../../../../riscv-none-embed/lib/rv32imacxw/ilp32\libc_nano.a
LOAD c:/mounriver/mounriver_studio/toolchain/risc-v embedded gcc/bin/../lib/gcc/riscv-none-embed/8.2.0/../../../../riscv-none-embed/lib/rv32imacxw/ilp32\libnosys.a
END GROUP
START GROUP
LOAD c:/mounriver/mounriver_studio/toolchain/risc-v embedded gcc/bin/../lib/gcc/riscv-none-embed/8.2.0/rv32imacxw/ilp32\libgcc.a
LOAD c:/mounriver/mounriver_studio/toolchain/risc-v embedded gcc/bin/../lib/gcc/riscv-none-embed/8.2.0/../../../../riscv-none-embed/lib/rv32imacxw/ilp32\libc_nano.a
LOAD c:/mounriver/mounriver_studio/toolchain/risc-v embedded gcc/bin/../lib/gcc/riscv-none-embed/8.2.0/../../../../riscv-none-embed/lib/rv32imacxw/ilp32\libnosys.a
END GROUP
                0x0000000000000800                __stack_size = 0x800
                [!provide]                        PROVIDE (_stack_size = __stack_size)

.init           0x0000000000000000        0x4
                0x0000000000000000                _sinit = .
                0x0000000000000000                . = ALIGN (0x4)
 *(SORT_NONE(.init))
 .init          0x0000000000000000        0x4 ./Startup/startup_ch32v20x_D6.o
                0x0000000000000000                _start
                0x0000000000000004                . = ALIGN (0x4)
                0x0000000000000004                _einit = .

.vector         0x0000000000000004       0xfc
 *(.vector)
 .vector        0x0000000000000004       0xfc ./Startup/startup_ch32v20x_D6.o
                0x0000000000000100                . = ALIGN (0x40)

.text           0x0000000000000100     0x3344
                0x0000000000000100                . = ALIGN (0x4)
 *(.text)
 .text          0x0000000000000100      0x2ee ./FreeRTOS/portable/GCC/RISC-V/portASM.o
                0x0000000000000100                SW_Handler
                0x0000000000000200                xPortStartFirstTask
                0x0000000000000300                pxPortInitialiseStack
 .text          0x00000000000003ee       0x60 c:/mounriver/mounriver_studio/toolchain/risc-v embedded gcc/bin/../lib/gcc/riscv-none-embed/8.2.0/rv32imacxw/ilp32\libgcc.a(save-restore.o)
                0x00000000000003ee                __riscv_save_12
                0x00000000000003f6                __riscv_save_9
                0x00000000000003f6                __riscv_save_11
                0x00000000000003f6                __riscv_save_10
                0x00000000000003f6                __riscv_save_8
                0x0000000000000404                __riscv_save_4
                0x0000000000000404                __riscv_save_6
                0x0000000000000404                __riscv_save_5
                0x0000000000000404                __riscv_save_7
                0x000000000000041e                __riscv_save_3
                0x000000000000041e                __riscv_save_2
                0x000000000000041e                __riscv_save_1
                0x000000000000041e                __riscv_save_0
                0x000000000000042a                __riscv_restore_12
                0x000000000000042e                __riscv_restore_11
                0x000000000000042e                __riscv_restore_9
                0x000000000000042e                __riscv_restore_10
                0x000000000000042e                __riscv_restore_8
                0x0000000000000438                __riscv_restore_5
                0x0000000000000438                __riscv_restore_7
                0x0000000000000438                __riscv_restore_6
                0x0000000000000438                __riscv_restore_4
                0x0000000000000442                __riscv_restore_3
                0x0000000000000442                __riscv_restore_0
                0x0000000000000442                __riscv_restore_2
                0x0000000000000442                __riscv_restore_1
 .text          0x000000000000044e       0xa8 c:/mounriver/mounriver_studio/toolchain/risc-v embedded gcc/bin/../lib/gcc/riscv-none-embed/8.2.0/../../../../riscv-none-embed/lib/rv32imacxw/ilp32\libg_nano.a(lib_a-memset.o)
                0x000000000000044e                memset
 *(.text.*)
 .text.NMI_Handler
                0x00000000000004f6        0x2 ./User/ch32v20x_it.o
                0x00000000000004f6                NMI_Handler
 .text.HardFault_Handler
                0x00000000000004f8        0x2 ./User/ch32v20x_it.o
                0x00000000000004f8                HardFault_Handler
 .text.task1_task
                0x00000000000004fa       0x2e ./User/main.o
                0x00000000000004fa                task1_task
 .text.task2_task
                0x0000000000000528       0x32 ./User/main.o
                0x0000000000000528                task2_task
 .text.GPIO_Toggle_INIT
                0x000000000000055a       0x3a ./User/main.o
                0x000000000000055a                GPIO_Toggle_INIT
 .text.startup.main
                0x0000000000000594       0xb4 ./User/main.o
                0x0000000000000594                main
 .text.SystemInit
                0x0000000000000648       0xea ./User/system_ch32v20x.o
                0x0000000000000648                SystemInit
 .text.SystemCoreClockUpdate
                0x0000000000000732       0x92 ./User/system_ch32v20x.o
                0x0000000000000732                SystemCoreClockUpdate
 .text.vector_handler
                0x00000000000007c4        0x2 ./Startup/startup_ch32v20x_D6.o
                0x00000000000007c4                EXTI2_IRQHandler
                0x00000000000007c4                TIM1_CC_IRQHandler
                0x00000000000007c4                PVD_IRQHandler
                0x00000000000007c4                EXTI3_IRQHandler
                0x00000000000007c4                USBFS_IRQHandler
                0x00000000000007c4                EXTI0_IRQHandler
                0x00000000000007c4                I2C2_EV_IRQHandler
                0x00000000000007c4                ADC1_2_IRQHandler
                0x00000000000007c4                Break_Point_Handler
                0x00000000000007c4                SPI1_IRQHandler
                0x00000000000007c4                TAMPER_IRQHandler
                0x00000000000007c4                Ecall_M_Mode_Handler
                0x00000000000007c4                DMA1_Channel4_IRQHandler
                0x00000000000007c4                USART3_IRQHandler
                0x00000000000007c4                RTC_IRQHandler
                0x00000000000007c4                DMA1_Channel7_IRQHandler
                0x00000000000007c4                CAN1_RX1_IRQHandler
                0x00000000000007c4                TIM4_IRQHandler
                0x00000000000007c4                I2C1_EV_IRQHandler
                0x00000000000007c4                DMA1_Channel6_IRQHandler
                0x00000000000007c4                UART4_IRQHandler
                0x00000000000007c4                TIM3_IRQHandler
                0x00000000000007c4                RCC_IRQHandler
                0x00000000000007c4                TIM1_TRG_COM_IRQHandler
                0x00000000000007c4                DMA1_Channel1_IRQHandler
                0x00000000000007c4                EXTI15_10_IRQHandler
                0x00000000000007c4                DMA1_Channel8_IRQHandler
                0x00000000000007c4                EXTI9_5_IRQHandler
                0x00000000000007c4                SPI2_IRQHandler
                0x00000000000007c4                DMA1_Channel5_IRQHandler
                0x00000000000007c4                EXTI4_IRQHandler
                0x00000000000007c4                USB_LP_CAN1_RX0_IRQHandler
                0x00000000000007c4                USB_HP_CAN1_TX_IRQHandler
                0x00000000000007c4                DMA1_Channel3_IRQHandler
                0x00000000000007c4                TIM1_UP_IRQHandler
                0x00000000000007c4                WWDG_IRQHandler
                0x00000000000007c4                Ecall_U_Mode_Handler
                0x00000000000007c4                TIM2_IRQHandler
                0x00000000000007c4                TIM1_BRK_IRQHandler
                0x00000000000007c4                EXTI1_IRQHandler
                0x00000000000007c4                RTCAlarm_IRQHandler
                0x00000000000007c4                USART2_IRQHandler
                0x00000000000007c4                I2C2_ER_IRQHandler
                0x00000000000007c4                DMA1_Channel2_IRQHandler
                0x00000000000007c4                CAN1_SCE_IRQHandler
                0x00000000000007c4                FLASH_IRQHandler
                0x00000000000007c4                USBFSWakeUp_IRQHandler
                0x00000000000007c4                USART1_IRQHandler
                0x00000000000007c4                I2C1_ER_IRQHandler
                0x00000000000007c4                USBWakeUp_IRQHandler
 .text.handle_reset
                0x00000000000007c6       0x8e ./Startup/startup_ch32v20x_D6.o
                0x00000000000007c6                handle_reset
 .text.DBGMCU_GetCHIPID
                0x0000000000000854        0xa ./Peripheral/src/ch32v20x_dbgmcu.o
                0x0000000000000854                DBGMCU_GetCHIPID
 .text.GPIO_Init
                0x000000000000085e       0xfa ./Peripheral/src/ch32v20x_gpio.o
                0x000000000000085e                GPIO_Init
 .text.GPIO_SetBits
                0x0000000000000958       0x18 ./Peripheral/src/ch32v20x_gpio.o
                0x0000000000000958                GPIO_SetBits
 .text.GPIO_ResetBits
                0x0000000000000970       0x18 ./Peripheral/src/ch32v20x_gpio.o
                0x0000000000000970                GPIO_ResetBits
 .text.NVIC_PriorityGroupConfig
                0x0000000000000988        0xa ./Peripheral/src/ch32v20x_misc.o
                0x0000000000000988                NVIC_PriorityGroupConfig
 .text.RCC_GetClocksFreq
                0x0000000000000992       0xbe ./Peripheral/src/ch32v20x_rcc.o
                0x0000000000000992                RCC_GetClocksFreq
 .text.RCC_APB2PeriphClockCmd
                0x0000000000000a50       0x1e ./Peripheral/src/ch32v20x_rcc.o
                0x0000000000000a50                RCC_APB2PeriphClockCmd
 .text.USART_Init
                0x0000000000000a6e       0x8c ./Peripheral/src/ch32v20x_usart.o
                0x0000000000000a6e                USART_Init
 .text.USART_Cmd
                0x0000000000000afa       0x16 ./Peripheral/src/ch32v20x_usart.o
                0x0000000000000afa                USART_Cmd
 .text.USART_SendData
                0x0000000000000b10        0x8 ./Peripheral/src/ch32v20x_usart.o
                0x0000000000000b10                USART_SendData
 .text.USART_GetFlagStatus
                0x0000000000000b18        0xa ./Peripheral/src/ch32v20x_usart.o
                0x0000000000000b18                USART_GetFlagStatus
 .text.vPortSetupTimerInterrupt
                0x0000000000000b22       0x3e ./FreeRTOS/portable/GCC/RISC-V/port.o
                0x0000000000000b22                vPortSetupTimerInterrupt
 .text.xPortStartScheduler
                0x0000000000000b60       0x8e ./FreeRTOS/portable/GCC/RISC-V/port.o
                0x0000000000000b60                xPortStartScheduler
 .text.SysTick_Handler
                0x0000000000000bee       0x7c ./FreeRTOS/portable/GCC/RISC-V/port.o
                0x0000000000000bee                SysTick_Handler
 .text.vPortEnterCritical
                0x0000000000000c6a       0x16 ./FreeRTOS/portable/GCC/RISC-V/port.o
                0x0000000000000c6a                vPortEnterCritical
 .text.vPortExitCritical
                0x0000000000000c80       0x42 ./FreeRTOS/portable/GCC/RISC-V/port.o
                0x0000000000000c80                vPortExitCritical
 .text.vListInitialise
                0x0000000000000cc2       0x14 ./FreeRTOS/list.o
                0x0000000000000cc2                vListInitialise
 .text.vListInitialiseItem
                0x0000000000000cd6        0x6 ./FreeRTOS/list.o
                0x0000000000000cd6                vListInitialiseItem
 .text.vListInsert
                0x0000000000000cdc       0x2e ./FreeRTOS/list.o
                0x0000000000000cdc                vListInsert
 .text.uxListRemove
                0x0000000000000d0a       0x20 ./FreeRTOS/list.o
                0x0000000000000d0a                uxListRemove
 .text.prvIsQueueEmpty
                0x0000000000000d2a       0x1a ./FreeRTOS/queue.o
 .text.prvCopyDataFromQueue
                0x0000000000000d44       0x28 ./FreeRTOS/queue.o
 .text.prvUnlockQueue
                0x0000000000000d6c       0x6e ./FreeRTOS/queue.o
 .text.xQueueGenericReset
                0x0000000000000dda       0xbc ./FreeRTOS/queue.o
                0x0000000000000dda                xQueueGenericReset
 .text.xQueueGenericCreateStatic
                0x0000000000000e96       0xa6 ./FreeRTOS/queue.o
                0x0000000000000e96                xQueueGenericCreateStatic
 .text.xQueueReceive
                0x0000000000000f3c      0x148 ./FreeRTOS/queue.o
                0x0000000000000f3c                xQueueReceive
 .text.vQueueAddToRegistry
                0x0000000000001084       0x68 ./FreeRTOS/queue.o
                0x0000000000001084                vQueueAddToRegistry
 .text.vQueueWaitForMessageRestricted
                0x00000000000010ec       0x56 ./FreeRTOS/queue.o
                0x00000000000010ec                vQueueWaitForMessageRestricted
 .text.vApplicationGetIdleTaskMemory
                0x0000000000001142       0x14 ./FreeRTOS/staticmem.o
                0x0000000000001142                vApplicationGetIdleTaskMemory
 .text.vApplicationGetTimerTaskMemory
                0x0000000000001156       0x14 ./FreeRTOS/staticmem.o
                0x0000000000001156                vApplicationGetTimerTaskMemory
 .text.prvIdleTask
                0x000000000000116a       0x36 ./FreeRTOS/tasks.o
 .text.prvResetNextTaskUnblockTime
                0x00000000000011a0       0x24 ./FreeRTOS/tasks.o
 .text.prvAddCurrentTaskToDelayedList
                0x00000000000011c4       0x9c ./FreeRTOS/tasks.o
 .text.xTaskCreateStatic
                0x0000000000001260      0x226 ./FreeRTOS/tasks.o
                0x0000000000001260                xTaskCreateStatic
 .text.vTaskStartScheduler
                0x0000000000001486       0x98 ./FreeRTOS/tasks.o
                0x0000000000001486                vTaskStartScheduler
 .text.vTaskSuspendAll
                0x000000000000151e       0x10 ./FreeRTOS/tasks.o
                0x000000000000151e                vTaskSuspendAll
 .text.xTaskGetTickCount
                0x000000000000152e        0xa ./FreeRTOS/tasks.o
                0x000000000000152e                xTaskGetTickCount
 .text.xTaskIncrementTick
                0x0000000000001538      0x1a6 ./FreeRTOS/tasks.o
                0x0000000000001538                xTaskIncrementTick
 .text.xTaskResumeAll
                0x00000000000016de      0x15e ./FreeRTOS/tasks.o
                0x00000000000016de                xTaskResumeAll
 .text.vTaskDelay
                0x000000000000183c       0x62 ./FreeRTOS/tasks.o
                0x000000000000183c                vTaskDelay
 .text.vTaskSwitchContext
                0x000000000000189e       0x96 ./FreeRTOS/tasks.o
                0x000000000000189e                vTaskSwitchContext
 .text.vTaskPlaceOnEventList
                0x0000000000001934       0x48 ./FreeRTOS/tasks.o
                0x0000000000001934                vTaskPlaceOnEventList
 .text.vTaskPlaceOnEventListRestricted
                0x000000000000197c       0x76 ./FreeRTOS/tasks.o
                0x000000000000197c                vTaskPlaceOnEventListRestricted
 .text.xTaskRemoveFromEventList
                0x00000000000019f2       0xe2 ./FreeRTOS/tasks.o
                0x00000000000019f2                xTaskRemoveFromEventList
 .text.vTaskInternalSetTimeOutState
                0x0000000000001ad4       0x16 ./FreeRTOS/tasks.o
                0x0000000000001ad4                vTaskInternalSetTimeOutState
 .text.xTaskCheckForTimeOut
                0x0000000000001aea       0xc4 ./FreeRTOS/tasks.o
                0x0000000000001aea                xTaskCheckForTimeOut
 .text.vTaskMissedYield
                0x0000000000001bae        0xc ./FreeRTOS/tasks.o
                0x0000000000001bae                vTaskMissedYield
 .text.xTaskGetSchedulerState
                0x0000000000001bba       0x1c ./FreeRTOS/tasks.o
                0x0000000000001bba                xTaskGetSchedulerState
 .text.prvCheckForValidListAndQueue
                0x0000000000001bd6       0x66 ./FreeRTOS/timers.o
 .text.prvInsertTimerInActiveList
                0x0000000000001c3c       0x46 ./FreeRTOS/timers.o
 .text.prvReloadTimer
                0x0000000000001c82       0x28 ./FreeRTOS/timers.o
 .text.prvProcessExpiredTimer
                0x0000000000001caa       0x44 ./FreeRTOS/timers.o
 .text.prvSwitchTimerLists
                0x0000000000001cee       0x2e ./FreeRTOS/timers.o
 .text.prvTimerTask
                0x0000000000001d1c      0x170 ./FreeRTOS/timers.o
 .text.xTimerCreateTimerTask
                0x0000000000001e8c       0x72 ./FreeRTOS/timers.o
                0x0000000000001e8c                xTimerCreateTimerTask
 .text.Delay_Init
                0x0000000000001efe       0x32 ./Debug/debug.o
                0x0000000000001efe                Delay_Init
 .text.USART_Printf_Init
                0x0000000000001f30       0x5a ./Debug/debug.o
                0x0000000000001f30                USART_Printf_Init
 .text._write   0x0000000000001f8a       0x3e ./Debug/debug.o
                0x0000000000001f8a                _write
 .text._sbrk    0x0000000000001fc8       0x26 ./Debug/debug.o
                0x0000000000001fc8                _sbrk
 .text.memcpy   0x0000000000001fee       0xb2 c:/mounriver/mounriver_studio/toolchain/risc-v embedded gcc/bin/../lib/gcc/riscv-none-embed/8.2.0/../../../../riscv-none-embed/lib/rv32imacxw/ilp32\libg_nano.a(lib_a-memcpy.o)
                0x0000000000001fee                memcpy
 .text.printf   0x00000000000020a0       0x40 c:/mounriver/mounriver_studio/toolchain/risc-v embedded gcc/bin/../lib/gcc/riscv-none-embed/8.2.0/../../../../riscv-none-embed/lib/rv32imacxw/ilp32\libg_nano.a(lib_a-printf.o)
                0x00000000000020a0                iprintf
                0x00000000000020a0                printf
 .text._puts_r  0x00000000000020e0       0xd4 c:/mounriver/mounriver_studio/toolchain/risc-v embedded gcc/bin/../lib/gcc/riscv-none-embed/8.2.0/../../../../riscv-none-embed/lib/rv32imacxw/ilp32\libg_nano.a(lib_a-puts.o)
                0x00000000000020e0                _puts_r
 .text.puts     0x00000000000021b4        0xa c:/mounriver/mounriver_studio/toolchain/risc-v embedded gcc/bin/../lib/gcc/riscv-none-embed/8.2.0/../../../../riscv-none-embed/lib/rv32imacxw/ilp32\libg_nano.a(lib_a-puts.o)
                0x00000000000021b4                puts
 .text.__swbuf_r
                0x00000000000021be       0xbc c:/mounriver/mounriver_studio/toolchain/risc-v embedded gcc/bin/../lib/gcc/riscv-none-embed/8.2.0/../../../../riscv-none-embed/lib/rv32imacxw/ilp32\libg_nano.a(lib_a-wbuf.o)
                0x00000000000021be                __swbuf_r
 .text.__swsetup_r
                0x000000000000227a       0xfc c:/mounriver/mounriver_studio/toolchain/risc-v embedded gcc/bin/../lib/gcc/riscv-none-embed/8.2.0/../../../../riscv-none-embed/lib/rv32imacxw/ilp32\libg_nano.a(lib_a-wsetup.o)
                0x000000000000227a                __swsetup_r
 .text.__sflush_r
                0x0000000000002376      0x130 c:/mounriver/mounriver_studio/toolchain/risc-v embedded gcc/bin/../lib/gcc/riscv-none-embed/8.2.0/../../../../riscv-none-embed/lib/rv32imacxw/ilp32\libg_nano.a(lib_a-fflush.o)
                0x0000000000002376                __sflush_r
 .text._fflush_r
                0x00000000000024a6       0x64 c:/mounriver/mounriver_studio/toolchain/risc-v embedded gcc/bin/../lib/gcc/riscv-none-embed/8.2.0/../../../../riscv-none-embed/lib/rv32imacxw/ilp32\libg_nano.a(lib_a-fflush.o)
                0x00000000000024a6                _fflush_r
 .text.std      0x000000000000250a       0x66 c:/mounriver/mounriver_studio/toolchain/risc-v embedded gcc/bin/../lib/gcc/riscv-none-embed/8.2.0/../../../../riscv-none-embed/lib/rv32imacxw/ilp32\libg_nano.a(lib_a-findfp.o)
 .text._cleanup_r
                0x0000000000002570        0xa c:/mounriver/mounriver_studio/toolchain/risc-v embedded gcc/bin/../lib/gcc/riscv-none-embed/8.2.0/../../../../riscv-none-embed/lib/rv32imacxw/ilp32\libg_nano.a(lib_a-findfp.o)
                0x0000000000002570                _cleanup_r
 .text.__sfmoreglue
                0x000000000000257a       0x46 c:/mounriver/mounriver_studio/toolchain/risc-v embedded gcc/bin/../lib/gcc/riscv-none-embed/8.2.0/../../../../riscv-none-embed/lib/rv32imacxw/ilp32\libg_nano.a(lib_a-findfp.o)
                0x000000000000257a                __sfmoreglue
 .text.__sinit  0x00000000000025c0       0x66 c:/mounriver/mounriver_studio/toolchain/risc-v embedded gcc/bin/../lib/gcc/riscv-none-embed/8.2.0/../../../../riscv-none-embed/lib/rv32imacxw/ilp32\libg_nano.a(lib_a-findfp.o)
                0x00000000000025c0                __sinit
 .text.__sfp    0x0000000000002626       0x9c c:/mounriver/mounriver_studio/toolchain/risc-v embedded gcc/bin/../lib/gcc/riscv-none-embed/8.2.0/../../../../riscv-none-embed/lib/rv32imacxw/ilp32\libg_nano.a(lib_a-findfp.o)
                0x0000000000002626                __sfp
 .text._fwalk_reent
                0x00000000000026c2       0x6a c:/mounriver/mounriver_studio/toolchain/risc-v embedded gcc/bin/../lib/gcc/riscv-none-embed/8.2.0/../../../../riscv-none-embed/lib/rv32imacxw/ilp32\libg_nano.a(lib_a-fwalk.o)
                0x00000000000026c2                _fwalk_reent
 .text.__swhatbuf_r
                0x000000000000272c       0x58 c:/mounriver/mounriver_studio/toolchain/risc-v embedded gcc/bin/../lib/gcc/riscv-none-embed/8.2.0/../../../../riscv-none-embed/lib/rv32imacxw/ilp32\libg_nano.a(lib_a-makebuf.o)
                0x000000000000272c                __swhatbuf_r
 .text.__smakebuf_r
                0x0000000000002784       0x90 c:/mounriver/mounriver_studio/toolchain/risc-v embedded gcc/bin/../lib/gcc/riscv-none-embed/8.2.0/../../../../riscv-none-embed/lib/rv32imacxw/ilp32\libg_nano.a(lib_a-makebuf.o)
                0x0000000000002784                __smakebuf_r
 .text._free_r  0x0000000000002814       0xb0 c:/mounriver/mounriver_studio/toolchain/risc-v embedded gcc/bin/../lib/gcc/riscv-none-embed/8.2.0/../../../../riscv-none-embed/lib/rv32imacxw/ilp32\libg_nano.a(lib_a-nano-freer.o)
                0x0000000000002814                _free_r
 .text._malloc_r
                0x00000000000028c4       0xe4 c:/mounriver/mounriver_studio/toolchain/risc-v embedded gcc/bin/../lib/gcc/riscv-none-embed/8.2.0/../../../../riscv-none-embed/lib/rv32imacxw/ilp32\libg_nano.a(lib_a-nano-mallocr.o)
                0x00000000000028c4                _malloc_r
 .text.__sfputc_r
                0x00000000000029a8       0x28 c:/mounriver/mounriver_studio/toolchain/risc-v embedded gcc/bin/../lib/gcc/riscv-none-embed/8.2.0/../../../../riscv-none-embed/lib/rv32imacxw/ilp32\libg_nano.a(lib_a-nano-vfprintf.o)
 .text.__sfputs_r
                0x00000000000029d0       0x40 c:/mounriver/mounriver_studio/toolchain/risc-v embedded gcc/bin/../lib/gcc/riscv-none-embed/8.2.0/../../../../riscv-none-embed/lib/rv32imacxw/ilp32\libg_nano.a(lib_a-nano-vfprintf.o)
                0x00000000000029d0                __sfputs_r
 .text._vfprintf_r
                0x0000000000002a10      0x286 c:/mounriver/mounriver_studio/toolchain/risc-v embedded gcc/bin/../lib/gcc/riscv-none-embed/8.2.0/../../../../riscv-none-embed/lib/rv32imacxw/ilp32\libg_nano.a(lib_a-nano-vfprintf.o)
                0x0000000000002a10                _vfprintf_r
                0x0000000000002a10                _vfiprintf_r
 .text._printf_common
                0x0000000000002c96      0x10c c:/mounriver/mounriver_studio/toolchain/risc-v embedded gcc/bin/../lib/gcc/riscv-none-embed/8.2.0/../../../../riscv-none-embed/lib/rv32imacxw/ilp32\libg_nano.a(lib_a-nano-vfprintf_i.o)
                0x0000000000002c96                _printf_common
 .text._printf_i
                0x0000000000002da2      0x2a2 c:/mounriver/mounriver_studio/toolchain/risc-v embedded gcc/bin/../lib/gcc/riscv-none-embed/8.2.0/../../../../riscv-none-embed/lib/rv32imacxw/ilp32\libg_nano.a(lib_a-nano-vfprintf_i.o)
                0x0000000000002da2                _printf_i
 .text._sbrk_r  0x0000000000003044       0x2a c:/mounriver/mounriver_studio/toolchain/risc-v embedded gcc/bin/../lib/gcc/riscv-none-embed/8.2.0/../../../../riscv-none-embed/lib/rv32imacxw/ilp32\libg_nano.a(lib_a-sbrkr.o)
                0x0000000000003044                _sbrk_r
 .text.__sread  0x000000000000306e       0x2c c:/mounriver/mounriver_studio/toolchain/risc-v embedded gcc/bin/../lib/gcc/riscv-none-embed/8.2.0/../../../../riscv-none-embed/lib/rv32imacxw/ilp32\libg_nano.a(lib_a-stdio.o)
                0x000000000000306e                __sread
 .text.__swrite
                0x000000000000309a       0x48 c:/mounriver/mounriver_studio/toolchain/risc-v embedded gcc/bin/../lib/gcc/riscv-none-embed/8.2.0/../../../../riscv-none-embed/lib/rv32imacxw/ilp32\libg_nano.a(lib_a-stdio.o)
                0x000000000000309a                __swrite
 .text.__sseek  0x00000000000030e2       0x30 c:/mounriver/mounriver_studio/toolchain/risc-v embedded gcc/bin/../lib/gcc/riscv-none-embed/8.2.0/../../../../riscv-none-embed/lib/rv32imacxw/ilp32\libg_nano.a(lib_a-stdio.o)
                0x00000000000030e2                __sseek
 .text.__sclose
                0x0000000000003112        0x6 c:/mounriver/mounriver_studio/toolchain/risc-v embedded gcc/bin/../lib/gcc/riscv-none-embed/8.2.0/../../../../riscv-none-embed/lib/rv32imacxw/ilp32\libg_nano.a(lib_a-stdio.o)
                0x0000000000003112                __sclose
 .text._write_r
                0x0000000000003118       0x2e c:/mounriver/mounriver_studio/toolchain/risc-v embedded gcc/bin/../lib/gcc/riscv-none-embed/8.2.0/../../../../riscv-none-embed/lib/rv32imacxw/ilp32\libg_nano.a(lib_a-writer.o)
                0x0000000000003118                _write_r
 .text._close_r
                0x0000000000003146       0x28 c:/mounriver/mounriver_studio/toolchain/risc-v embedded gcc/bin/../lib/gcc/riscv-none-embed/8.2.0/../../../../riscv-none-embed/lib/rv32imacxw/ilp32\libg_nano.a(lib_a-closer.o)
                0x0000000000003146                _close_r
 .text._fstat_r
                0x000000000000316e       0x2a c:/mounriver/mounriver_studio/toolchain/risc-v embedded gcc/bin/../lib/gcc/riscv-none-embed/8.2.0/../../../../riscv-none-embed/lib/rv32imacxw/ilp32\libg_nano.a(lib_a-fstatr.o)
                0x000000000000316e                _fstat_r
 .text._isatty_r
                0x0000000000003198       0x28 c:/mounriver/mounriver_studio/toolchain/risc-v embedded gcc/bin/../lib/gcc/riscv-none-embed/8.2.0/../../../../riscv-none-embed/lib/rv32imacxw/ilp32\libg_nano.a(lib_a-isattyr.o)
                0x0000000000003198                _isatty_r
 .text._lseek_r
                0x00000000000031c0       0x2c c:/mounriver/mounriver_studio/toolchain/risc-v embedded gcc/bin/../lib/gcc/riscv-none-embed/8.2.0/../../../../riscv-none-embed/lib/rv32imacxw/ilp32\libg_nano.a(lib_a-lseekr.o)
                0x00000000000031c0                _lseek_r
 .text.memchr   0x00000000000031ec       0x18 c:/mounriver/mounriver_studio/toolchain/risc-v embedded gcc/bin/../lib/gcc/riscv-none-embed/8.2.0/../../../../riscv-none-embed/lib/rv32imacxw/ilp32\libg_nano.a(lib_a-memchr.o)
                0x00000000000031ec                memchr
 .text.__malloc_lock
                0x0000000000003204        0x2 c:/mounriver/mounriver_studio/toolchain/risc-v embedded gcc/bin/../lib/gcc/riscv-none-embed/8.2.0/../../../../riscv-none-embed/lib/rv32imacxw/ilp32\libg_nano.a(lib_a-mlock.o)
                0x0000000000003204                __malloc_lock
 .text.__malloc_unlock
                0x0000000000003206        0x2 c:/mounriver/mounriver_studio/toolchain/risc-v embedded gcc/bin/../lib/gcc/riscv-none-embed/8.2.0/../../../../riscv-none-embed/lib/rv32imacxw/ilp32\libg_nano.a(lib_a-mlock.o)
                0x0000000000003206                __malloc_unlock
 .text._read_r  0x0000000000003208       0x2c c:/mounriver/mounriver_studio/toolchain/risc-v embedded gcc/bin/../lib/gcc/riscv-none-embed/8.2.0/../../../../riscv-none-embed/lib/rv32imacxw/ilp32\libg_nano.a(lib_a-readr.o)
                0x0000000000003208                _read_r
 .text._close   0x0000000000003234        0xc c:/mounriver/mounriver_studio/toolchain/risc-v embedded gcc/bin/../lib/gcc/riscv-none-embed/8.2.0/../../../../riscv-none-embed/lib/rv32imacxw/ilp32\libnosys.a(close.o)
                0x0000000000003234                _close
 .text._fstat   0x0000000000003240        0xc c:/mounriver/mounriver_studio/toolchain/risc-v embedded gcc/bin/../lib/gcc/riscv-none-embed/8.2.0/../../../../riscv-none-embed/lib/rv32imacxw/ilp32\libnosys.a(fstat.o)
                0x0000000000003240                _fstat
 .text._isatty  0x000000000000324c        0xc c:/mounriver/mounriver_studio/toolchain/risc-v embedded gcc/bin/../lib/gcc/riscv-none-embed/8.2.0/../../../../riscv-none-embed/lib/rv32imacxw/ilp32\libnosys.a(isatty.o)
                0x000000000000324c                _isatty
 .text._lseek   0x0000000000003258        0xc c:/mounriver/mounriver_studio/toolchain/risc-v embedded gcc/bin/../lib/gcc/riscv-none-embed/8.2.0/../../../../riscv-none-embed/lib/rv32imacxw/ilp32\libnosys.a(lseek.o)
                0x0000000000003258                _lseek
 .text._read    0x0000000000003264        0xc c:/mounriver/mounriver_studio/toolchain/risc-v embedded gcc/bin/../lib/gcc/riscv-none-embed/8.2.0/../../../../riscv-none-embed/lib/rv32imacxw/ilp32\libnosys.a(read.o)
                0x0000000000003264                _read
 *(.rodata)
 *(.rodata*)
 *fill*         0x0000000000003270        0x0 
 .rodata.main.str1.4
                0x0000000000003270       0x70 ./User/main.o
 .rodata.xPortStartScheduler.str1.4
                0x00000000000032e0       0x49 ./FreeRTOS/portable/GCC/RISC-V/port.o
 *fill*         0x0000000000003329        0x3 
 .rodata.xQueueGenericReset.str1.4
                0x000000000000332c       0x14 ./FreeRTOS/queue.o
                                         0x35 (size before relaxing)
 .rodata.prvTaskIsTaskSuspended.str1.4
                0x0000000000003340       0x14 ./FreeRTOS/tasks.o
                                         0x35 (size before relaxing)
 .rodata.vTaskStartScheduler.str1.4
                0x0000000000003354        0x5 ./FreeRTOS/tasks.o
 *fill*         0x0000000000003359        0x3 
 .rodata.prvTimerTask
                0x000000000000335c       0x24 ./FreeRTOS/timers.o
 .rodata.prvCheckForValidListAndQueue.str1.4
                0x0000000000003380        0x5 ./FreeRTOS/timers.o
 *fill*         0x0000000000003385        0x3 
 .rodata.prvTimerTask.str1.4
                0x0000000000003388       0x15 ./FreeRTOS/timers.o
                                         0x39 (size before relaxing)
 *fill*         0x000000000000339d        0x3 
 .rodata.xTimerCreateTimerTask.str1.4
                0x00000000000033a0        0x8 ./FreeRTOS/timers.o
 .rodata.__sf_fake_stderr
                0x00000000000033a8       0x20 c:/mounriver/mounriver_studio/toolchain/risc-v embedded gcc/bin/../lib/gcc/riscv-none-embed/8.2.0/../../../../riscv-none-embed/lib/rv32imacxw/ilp32\libg_nano.a(lib_a-findfp.o)
                0x00000000000033a8                __sf_fake_stderr
 .rodata.__sf_fake_stdin
                0x00000000000033c8       0x20 c:/mounriver/mounriver_studio/toolchain/risc-v embedded gcc/bin/../lib/gcc/riscv-none-embed/8.2.0/../../../../riscv-none-embed/lib/rv32imacxw/ilp32\libg_nano.a(lib_a-findfp.o)
                0x00000000000033c8                __sf_fake_stdin
 .rodata.__sf_fake_stdout
                0x00000000000033e8       0x20 c:/mounriver/mounriver_studio/toolchain/risc-v embedded gcc/bin/../lib/gcc/riscv-none-embed/8.2.0/../../../../riscv-none-embed/lib/rv32imacxw/ilp32\libg_nano.a(lib_a-findfp.o)
                0x00000000000033e8                __sf_fake_stdout
 .rodata._vfprintf_r.str1.4
                0x0000000000003408       0x13 c:/mounriver/mounriver_studio/toolchain/risc-v embedded gcc/bin/../lib/gcc/riscv-none-embed/8.2.0/../../../../riscv-none-embed/lib/rv32imacxw/ilp32\libg_nano.a(lib_a-nano-vfprintf.o)
 *fill*         0x000000000000341b        0x1 
 .rodata._printf_i.str1.4
                0x000000000000341c       0x28 c:/mounriver/mounriver_studio/toolchain/risc-v embedded gcc/bin/../lib/gcc/riscv-none-embed/8.2.0/../../../../riscv-none-embed/lib/rv32imacxw/ilp32\libg_nano.a(lib_a-nano-vfprintf_i.o)
                                         0x25 (size before relaxing)
 *(.glue_7)
 *(.glue_7t)
 *(.gnu.linkonce.t.*)
                0x0000000000003444                . = ALIGN (0x4)

.rela.dyn       0x0000000000003444        0x0
 .rela.init     0x0000000000003444        0x0 ./User/ch32v20x_it.o
 .rela.vector   0x0000000000003444        0x0 ./User/ch32v20x_it.o
 .rela.text.handle_reset
                0x0000000000003444        0x0 ./User/ch32v20x_it.o
 .rela.text.xPortStartScheduler
                0x0000000000003444        0x0 ./User/ch32v20x_it.o
 .rela.sdata2.xISRStackTop
                0x0000000000003444        0x0 ./User/ch32v20x_it.o
 .rela.text._sbrk
                0x0000000000003444        0x0 ./User/ch32v20x_it.o
 .rela.sdata.curbrk.4673
                0x0000000000003444        0x0 ./User/ch32v20x_it.o
 .rela.text._vfprintf_r
                0x0000000000003444        0x0 ./User/ch32v20x_it.o
 .rela.text._sbrk_r
                0x0000000000003444        0x0 ./User/ch32v20x_it.o
 .rela.text._write_r
                0x0000000000003444        0x0 ./User/ch32v20x_it.o
 .rela.text._close_r
                0x0000000000003444        0x0 ./User/ch32v20x_it.o
 .rela.text._fstat_r
                0x0000000000003444        0x0 ./User/ch32v20x_it.o
 .rela.text._isatty_r
                0x0000000000003444        0x0 ./User/ch32v20x_it.o
 .rela.text._lseek_r
                0x0000000000003444        0x0 ./User/ch32v20x_it.o
 .rela.text._read_r
                0x0000000000003444        0x0 ./User/ch32v20x_it.o
 .rela.text._close
                0x0000000000003444        0x0 ./User/ch32v20x_it.o
 .rela.text._fstat
                0x0000000000003444        0x0 ./User/ch32v20x_it.o
 .rela.text._isatty
                0x0000000000003444        0x0 ./User/ch32v20x_it.o
 .rela.text._lseek
                0x0000000000003444        0x0 ./User/ch32v20x_it.o
 .rela.text._read
                0x0000000000003444        0x0 ./User/ch32v20x_it.o

.fini           0x0000000000003444        0x0
 *(SORT_NONE(.fini))
                0x0000000000003444                . = ALIGN (0x4)
                [!provide]                        PROVIDE (_etext = .)
                [!provide]                        PROVIDE (_eitcm = .)

.preinit_array  0x0000000000003444        0x0
                [!provide]                        PROVIDE (__preinit_array_start = .)
 *(.preinit_array)
                [!provide]                        PROVIDE (__preinit_array_end = .)

.init_array     0x0000000000003444        0x0
                [!provide]                        PROVIDE (__init_array_start = .)
 *(SORT_BY_INIT_PRIORITY(.init_array.*) SORT_BY_INIT_PRIORITY(.ctors.*))
 *(.init_array EXCLUDE_FILE(*crtend?.o *crtend.o *crtbegin?.o *crtbegin.o) .ctors)
                [!provide]                        PROVIDE (__init_array_end = .)

.fini_array     0x0000000000003444        0x0
                [!provide]                        PROVIDE (__fini_array_start = .)
 *(SORT_BY_INIT_PRIORITY(.fini_array.*) SORT_BY_INIT_PRIORITY(.dtors.*))
 *(.fini_array EXCLUDE_FILE(*crtend?.o *crtend.o *crtbegin?.o *crtbegin.o) .dtors)
                [!provide]                        PROVIDE (__fini_array_end = .)

.ctors
 *crtbegin.o(.ctors)
 *crtbegin?.o(.ctors)
 *(EXCLUDE_FILE(*crtend?.o *crtend.o) .ctors)
 *(SORT_BY_NAME(.ctors.*))
 *(.ctors)

.dtors
 *crtbegin.o(.dtors)
 *crtbegin?.o(.dtors)
 *(EXCLUDE_FILE(*crtend?.o *crtend.o) .dtors)
 *(SORT_BY_NAME(.dtors.*))
 *(.dtors)

.dalign         0x0000000020000000        0x0 load address 0x0000000000003444
                0x0000000020000000                . = ALIGN (0x4)
                0x0000000020000000                PROVIDE (_data_vma = .)

.dlalign        0x0000000000003444        0x0
                0x0000000000003444                . = ALIGN (0x4)
                0x0000000000003444                PROVIDE (_data_lma = .)

.data           0x0000000020000000       0xa0 load address 0x0000000000003444
 *(.gnu.linkonce.r.*)
 *(.data .data.*)
 .data.AHBPrescTable
                0x0000000020000000       0x10 ./User/system_ch32v20x.o
                0x0000000020000000                AHBPrescTable
 .data.APBAHBPrescTable
                0x0000000020000010       0x10 ./Peripheral/src/ch32v20x_rcc.o
 .data.impure_data
                0x0000000020000020       0x60 c:/mounriver/mounriver_studio/toolchain/risc-v embedded gcc/bin/../lib/gcc/riscv-none-embed/8.2.0/../../../../riscv-none-embed/lib/rv32imacxw/ilp32\libg_nano.a(lib_a-impure.o)
 *(.gnu.linkonce.d.*)
                0x0000000020000080                . = ALIGN (0x8)
                0x0000000020000880                PROVIDE (__global_pointer$ = (. + 0x800))
 *(.sdata .sdata.*)
 .sdata.SystemCoreClock
                0x0000000020000080        0x4 ./User/system_ch32v20x.o
                0x0000000020000080                SystemCoreClock
 .sdata.ADCPrescTable
                0x0000000020000084        0x4 ./Peripheral/src/ch32v20x_rcc.o
 .sdata.uxCriticalNesting
                0x0000000020000088        0x4 ./FreeRTOS/portable/GCC/RISC-V/port.o
 .sdata.uxTopUsedPriority
                0x000000002000008c        0x4 ./FreeRTOS/tasks.o
                0x000000002000008c                uxTopUsedPriority
 .sdata.curbrk.4673
                0x0000000020000090        0x4 ./Debug/debug.o
 .sdata._impure_ptr
                0x0000000020000094        0x4 c:/mounriver/mounriver_studio/toolchain/risc-v embedded gcc/bin/../lib/gcc/riscv-none-embed/8.2.0/../../../../riscv-none-embed/lib/rv32imacxw/ilp32\libg_nano.a(lib_a-impure.o)
                0x0000000020000094                _impure_ptr
 *(.sdata2.*)
 .sdata2.xISRStackTop
                0x0000000020000098        0x4 ./FreeRTOS/portable/GCC/RISC-V/port.o
                0x0000000020000098                xISRStackTop
 .sdata2._global_impure_ptr
                0x000000002000009c        0x4 c:/mounriver/mounriver_studio/toolchain/risc-v embedded gcc/bin/../lib/gcc/riscv-none-embed/8.2.0/../../../../riscv-none-embed/lib/rv32imacxw/ilp32\libg_nano.a(lib_a-impure.o)
                0x000000002000009c                _global_impure_ptr
 *(.gnu.linkonce.s.*)
                0x00000000200000a0                . = ALIGN (0x8)
 *(.srodata.cst16)
 *(.srodata.cst8)
 *(.srodata.cst4)
 *(.srodata.cst2)
 *(.srodata .srodata.*)
                0x00000000200000a0                . = ALIGN (0x4)
                0x00000000200000a0                PROVIDE (_edata = .)

.bss            0x00000000200000a0      0x7c4 load address 0x00000000000034e4
                0x00000000200000a0                . = ALIGN (0x4)
                0x00000000200000a0                PROVIDE (_sbss = .)
 *(.sbss*)
 .sbss.MCU_Version
                0x00000000200000a0        0x1 ./Peripheral/src/ch32v20x_gpio.o
                0x00000000200000a0                MCU_Version
 *fill*         0x00000000200000a1        0x3 
 .sbss.NVIC_Priority_Group
                0x00000000200000a4        0x4 ./Peripheral/src/ch32v20x_misc.o
                0x00000000200000a4                NVIC_Priority_Group
 .sbss.pxCurrentTCB
                0x00000000200000a8        0x4 ./FreeRTOS/tasks.o
                0x00000000200000a8                pxCurrentTCB
 .sbss.pxDelayedTaskList
                0x00000000200000ac        0x4 ./FreeRTOS/tasks.o
 .sbss.pxOverflowDelayedTaskList
                0x00000000200000b0        0x4 ./FreeRTOS/tasks.o
 .sbss.uxCurrentNumberOfTasks
                0x00000000200000b4        0x4 ./FreeRTOS/tasks.o
 .sbss.uxDeletedTasksWaitingCleanUp
                0x00000000200000b8        0x4 ./FreeRTOS/tasks.o
 .sbss.uxSchedulerSuspended
                0x00000000200000bc        0x4 ./FreeRTOS/tasks.o
 .sbss.uxTaskNumber
                0x00000000200000c0        0x4 ./FreeRTOS/tasks.o
 .sbss.uxTopReadyPriority
                0x00000000200000c4        0x4 ./FreeRTOS/tasks.o
 .sbss.xNextTaskUnblockTime
                0x00000000200000c8        0x4 ./FreeRTOS/tasks.o
 .sbss.xNumOfOverflows
                0x00000000200000cc        0x4 ./FreeRTOS/tasks.o
 .sbss.xPendedTicks
                0x00000000200000d0        0x4 ./FreeRTOS/tasks.o
 .sbss.xSchedulerRunning
                0x00000000200000d4        0x4 ./FreeRTOS/tasks.o
 .sbss.xTickCount
                0x00000000200000d8        0x4 ./FreeRTOS/tasks.o
 .sbss.xYieldPending
                0x00000000200000dc        0x4 ./FreeRTOS/tasks.o
 .sbss.pxCurrentTimerList
                0x00000000200000e0        0x4 ./FreeRTOS/timers.o
 .sbss.pxOverflowTimerList
                0x00000000200000e4        0x4 ./FreeRTOS/timers.o
 .sbss.xLastTime.5741
                0x00000000200000e8        0x4 ./FreeRTOS/timers.o
 .sbss.xTimerQueue
                0x00000000200000ec        0x4 ./FreeRTOS/timers.o
 .sbss.xTimerTaskHandle
                0x00000000200000f0        0x4 ./FreeRTOS/timers.o
 .sbss.p_ms     0x00000000200000f4        0x2 ./Debug/debug.o
 .sbss.p_us     0x00000000200000f6        0x1 ./Debug/debug.o
 *fill*         0x00000000200000f7        0x1 
 .sbss.__malloc_free_list
                0x00000000200000f8        0x4 c:/mounriver/mounriver_studio/toolchain/risc-v embedded gcc/bin/../lib/gcc/riscv-none-embed/8.2.0/../../../../riscv-none-embed/lib/rv32imacxw/ilp32\libg_nano.a(lib_a-nano-mallocr.o)
                0x00000000200000f8                __malloc_free_list
 .sbss.__malloc_sbrk_start
                0x00000000200000fc        0x4 c:/mounriver/mounriver_studio/toolchain/risc-v embedded gcc/bin/../lib/gcc/riscv-none-embed/8.2.0/../../../../riscv-none-embed/lib/rv32imacxw/ilp32\libg_nano.a(lib_a-nano-mallocr.o)
                0x00000000200000fc                __malloc_sbrk_start
 *(.gnu.linkonce.sb.*)
 *(.bss*)
 .bss.rtos_task0_TCB
                0x0000000020000100       0x48 ./User/main.o
 .bss.rtos_task0_stack
                0x0000000020000148       0xf0 ./User/main.o
 .bss.rtos_task1_TCB
                0x0000000020000238       0x48 ./User/main.o
 .bss.rtos_task1_stack
                0x0000000020000280       0xf0 ./User/main.o
 .bss.xQueueRegistry
                0x0000000020000370       0x40 ./FreeRTOS/queue.o
                0x0000000020000370                xQueueRegistry
 .bss.uxIdleTaskStack.4768
                0x00000000200003b0       0xf0 ./FreeRTOS/staticmem.o
 .bss.uxTimerTaskStack.4775
                0x00000000200004a0       0xf0 ./FreeRTOS/staticmem.o
 .bss.xIdleTaskTCB.4767
                0x0000000020000590       0x48 ./FreeRTOS/staticmem.o
 .bss.xTimerTaskTCB.4774
                0x00000000200005d8       0x48 ./FreeRTOS/staticmem.o
 .bss.pxReadyTasksLists
                0x0000000020000620      0x12c ./FreeRTOS/tasks.o
 .bss.xDelayedTaskList1
                0x000000002000074c       0x14 ./FreeRTOS/tasks.o
 .bss.xDelayedTaskList2
                0x0000000020000760       0x14 ./FreeRTOS/tasks.o
 .bss.xPendingReadyList
                0x0000000020000774       0x14 ./FreeRTOS/tasks.o
 .bss.xSuspendedTaskList
                0x0000000020000788       0x14 ./FreeRTOS/tasks.o
 .bss.xTasksWaitingTermination
                0x000000002000079c       0x14 ./FreeRTOS/tasks.o
 .bss.ucStaticTimerQueueStorage.5785
                0x00000000200007b0       0x40 ./FreeRTOS/timers.o
 .bss.xActiveTimerList1
                0x00000000200007f0       0x14 ./FreeRTOS/timers.o
 .bss.xActiveTimerList2
                0x0000000020000804       0x14 ./FreeRTOS/timers.o
 .bss.xStaticTimerQueue.5784
                0x0000000020000818       0x48 ./FreeRTOS/timers.o
 *(.gnu.linkonce.b.*)
 *(COMMON*)
 COMMON         0x0000000020000860        0x4 c:/mounriver/mounriver_studio/toolchain/risc-v embedded gcc/bin/../lib/gcc/riscv-none-embed/8.2.0/../../../../riscv-none-embed/lib/rv32imacxw/ilp32\libg_nano.a(lib_a-reent.o)
                0x0000000020000860                errno
                0x0000000020000864                . = ALIGN (0x4)
                0x0000000020000864                PROVIDE (_ebss = .)
                0x0000000020000864                PROVIDE (_end = _ebss)
                [!provide]                        PROVIDE (end = .)

.stack          0x0000000020002000      0x800
                0x0000000020002000                PROVIDE (_heap_end = .)
                0x0000000020002000                . = ALIGN (0x4)
                [!provide]                        PROVIDE (_susrstack = .)
                0x0000000020002800                . = (. + __stack_size)
 *fill*         0x0000000020002000      0x800 
                0x0000000020002800                PROVIDE (_eusrstack = .)
                0x0000000020002800                __freertos_irq_stack_top = .
OUTPUT(FreeRTOS.elf elf32-littleriscv)

.debug_info     0x0000000000000000    0x140f6
 .debug_info    0x0000000000000000      0x962 ./User/ch32v20x_it.o
 .debug_info    0x0000000000000962      0xfdc ./User/main.o
 .debug_info    0x000000000000193e      0xb89 ./User/system_ch32v20x.o
 .debug_info    0x00000000000024c7       0x22 ./Startup/startup_ch32v20x_D6.o
 .debug_info    0x00000000000024e9      0xa94 ./Peripheral/src/ch32v20x_dbgmcu.o
 .debug_info    0x0000000000002f7d     0x1292 ./Peripheral/src/ch32v20x_gpio.o
 .debug_info    0x000000000000420f      0xe6c ./Peripheral/src/ch32v20x_misc.o
 .debug_info    0x000000000000507b     0x125c ./Peripheral/src/ch32v20x_rcc.o
 .debug_info    0x00000000000062d7     0x1340 ./Peripheral/src/ch32v20x_usart.o
 .debug_info    0x0000000000007617     0x1079 ./FreeRTOS/portable/GCC/RISC-V/port.o
 .debug_info    0x0000000000008690       0x26 ./FreeRTOS/portable/GCC/RISC-V/portASM.o
 .debug_info    0x00000000000086b6      0xb80 ./FreeRTOS/list.o
 .debug_info    0x0000000000009236     0x3228 ./FreeRTOS/queue.o
 .debug_info    0x000000000000c45e      0xba8 ./FreeRTOS/staticmem.o
 .debug_info    0x000000000000d006     0x3d3b ./FreeRTOS/tasks.o
 .debug_info    0x0000000000010d41     0x2488 ./FreeRTOS/timers.o
 .debug_info    0x00000000000131c9      0xf2d ./Debug/debug.o

.debug_abbrev   0x0000000000000000     0x301b
 .debug_abbrev  0x0000000000000000      0x1cf ./User/ch32v20x_it.o
 .debug_abbrev  0x00000000000001cf      0x2ab ./User/main.o
 .debug_abbrev  0x000000000000047a      0x2c0 ./User/system_ch32v20x.o
 .debug_abbrev  0x000000000000073a       0x12 ./Startup/startup_ch32v20x_D6.o
 .debug_abbrev  0x000000000000074c      0x2f7 ./Peripheral/src/ch32v20x_dbgmcu.o
 .debug_abbrev  0x0000000000000a43      0x34b ./Peripheral/src/ch32v20x_gpio.o
 .debug_abbrev  0x0000000000000d8e      0x2ea ./Peripheral/src/ch32v20x_misc.o
 .debug_abbrev  0x0000000000001078      0x351 ./Peripheral/src/ch32v20x_rcc.o
 .debug_abbrev  0x00000000000013c9      0x312 ./Peripheral/src/ch32v20x_usart.o
 .debug_abbrev  0x00000000000016db      0x3ad ./FreeRTOS/portable/GCC/RISC-V/port.o
 .debug_abbrev  0x0000000000001a88       0x14 ./FreeRTOS/portable/GCC/RISC-V/portASM.o
 .debug_abbrev  0x0000000000001a9c      0x254 ./FreeRTOS/list.o
 .debug_abbrev  0x0000000000001cf0      0x4a1 ./FreeRTOS/queue.o
 .debug_abbrev  0x0000000000002191      0x20d ./FreeRTOS/staticmem.o
 .debug_abbrev  0x000000000000239e      0x53c ./FreeRTOS/tasks.o
 .debug_abbrev  0x00000000000028da      0x45f ./FreeRTOS/timers.o
 .debug_abbrev  0x0000000000002d39      0x2e2 ./Debug/debug.o

.debug_aranges  0x0000000000000000      0x890
 .debug_aranges
                0x0000000000000000       0x28 ./User/ch32v20x_it.o
 .debug_aranges
                0x0000000000000028       0x38 ./User/main.o
 .debug_aranges
                0x0000000000000060       0x28 ./User/system_ch32v20x.o
 .debug_aranges
                0x0000000000000088       0x30 ./Startup/startup_ch32v20x_D6.o
 .debug_aranges
                0x00000000000000b8       0x48 ./Peripheral/src/ch32v20x_dbgmcu.o
 .debug_aranges
                0x0000000000000100       0xb0 ./Peripheral/src/ch32v20x_gpio.o
 .debug_aranges
                0x00000000000001b0       0x28 ./Peripheral/src/ch32v20x_misc.o
 .debug_aranges
                0x00000000000001d8      0x128 ./Peripheral/src/ch32v20x_rcc.o
 .debug_aranges
                0x0000000000000300       0xf0 ./Peripheral/src/ch32v20x_usart.o
 .debug_aranges
                0x00000000000003f0       0x58 ./FreeRTOS/portable/GCC/RISC-V/port.o
 .debug_aranges
                0x0000000000000448       0x20 ./FreeRTOS/portable/GCC/RISC-V/portASM.o
 .debug_aranges
                0x0000000000000468       0x40 ./FreeRTOS/list.o
 .debug_aranges
                0x00000000000004a8      0x108 ./FreeRTOS/queue.o
 .debug_aranges
                0x00000000000005b0       0x28 ./FreeRTOS/staticmem.o
 .debug_aranges
                0x00000000000005d8      0x1b0 ./FreeRTOS/tasks.o
 .debug_aranges
                0x0000000000000788       0xb8 ./FreeRTOS/timers.o
 .debug_aranges
                0x0000000000000840       0x50 ./Debug/debug.o

.debug_ranges   0x0000000000000000      0xcc0
 .debug_ranges  0x0000000000000000       0x18 ./User/ch32v20x_it.o
 .debug_ranges  0x0000000000000018       0x28 ./User/main.o
 .debug_ranges  0x0000000000000040       0x38 ./User/system_ch32v20x.o
 .debug_ranges  0x0000000000000078       0x28 ./Startup/startup_ch32v20x_D6.o
 .debug_ranges  0x00000000000000a0       0x50 ./Peripheral/src/ch32v20x_dbgmcu.o
 .debug_ranges  0x00000000000000f0       0xa0 ./Peripheral/src/ch32v20x_gpio.o
 .debug_ranges  0x0000000000000190       0x48 ./Peripheral/src/ch32v20x_misc.o
 .debug_ranges  0x00000000000001d8      0x118 ./Peripheral/src/ch32v20x_rcc.o
 .debug_ranges  0x00000000000002f0       0xe0 ./Peripheral/src/ch32v20x_usart.o
 .debug_ranges  0x00000000000003d0       0x60 ./FreeRTOS/portable/GCC/RISC-V/port.o
 .debug_ranges  0x0000000000000430       0x30 ./FreeRTOS/list.o
 .debug_ranges  0x0000000000000460      0x2b0 ./FreeRTOS/queue.o
 .debug_ranges  0x0000000000000710       0x18 ./FreeRTOS/staticmem.o
 .debug_ranges  0x0000000000000728      0x3c8 ./FreeRTOS/tasks.o
 .debug_ranges  0x0000000000000af0      0x190 ./FreeRTOS/timers.o
 .debug_ranges  0x0000000000000c80       0x40 ./Debug/debug.o

.debug_line     0x0000000000000000    0x107e3
 .debug_line    0x0000000000000000      0x25e ./User/ch32v20x_it.o
 .debug_line    0x000000000000025e      0x6b7 ./User/main.o
 .debug_line    0x0000000000000915      0x6ee ./User/system_ch32v20x.o
 .debug_line    0x0000000000001003      0x121 ./Startup/startup_ch32v20x_D6.o
 .debug_line    0x0000000000001124      0x3f1 ./Peripheral/src/ch32v20x_dbgmcu.o
 .debug_line    0x0000000000001515     0x14dd ./Peripheral/src/ch32v20x_gpio.o
 .debug_line    0x00000000000029f2      0x45f ./Peripheral/src/ch32v20x_misc.o
 .debug_line    0x0000000000002e51     0x11f1 ./Peripheral/src/ch32v20x_rcc.o
 .debug_line    0x0000000000004042      0xef8 ./Peripheral/src/ch32v20x_usart.o
 .debug_line    0x0000000000004f3a      0x820 ./FreeRTOS/portable/GCC/RISC-V/port.o
 .debug_line    0x000000000000575a      0x368 ./FreeRTOS/portable/GCC/RISC-V/portASM.o
 .debug_line    0x0000000000005ac2      0x6da ./FreeRTOS/list.o
 .debug_line    0x000000000000619c     0x32ae ./FreeRTOS/queue.o
 .debug_line    0x000000000000944a      0x3bf ./FreeRTOS/staticmem.o
 .debug_line    0x0000000000009809     0x50b4 ./FreeRTOS/tasks.o
 .debug_line    0x000000000000e8bd     0x1765 ./FreeRTOS/timers.o
 .debug_line    0x0000000000010022      0x7c1 ./Debug/debug.o

.debug_str      0x0000000000000000     0x37d8
 .debug_str     0x0000000000000000      0x574 ./User/ch32v20x_it.o
                                        0x5d5 (size before relaxing)
 .debug_str     0x0000000000000574      0x390 ./User/main.o
                                        0x94f (size before relaxing)
 .debug_str     0x0000000000000904       0xf5 ./User/system_ch32v20x.o
                                        0x6eb (size before relaxing)
 .debug_str     0x00000000000009f9       0x2d ./Startup/startup_ch32v20x_D6.o
                                         0x88 (size before relaxing)
 .debug_str     0x0000000000000a26       0xd8 ./Peripheral/src/ch32v20x_dbgmcu.o
                                        0x6a6 (size before relaxing)
 .debug_str     0x0000000000000afe      0x2a9 ./Peripheral/src/ch32v20x_gpio.o
                                        0xa1c (size before relaxing)
 .debug_str     0x0000000000000da7      0x4e4 ./Peripheral/src/ch32v20x_misc.o
                                        0xade (size before relaxing)
 .debug_str     0x000000000000128b      0x406 ./Peripheral/src/ch32v20x_rcc.o
                                        0xb1c (size before relaxing)
 .debug_str     0x0000000000001691      0x43c ./Peripheral/src/ch32v20x_usart.o
                                        0xb4a (size before relaxing)
 .debug_str     0x0000000000001acd      0x16a ./FreeRTOS/portable/GCC/RISC-V/port.o
                                        0xb36 (size before relaxing)
 .debug_str     0x0000000000001c37       0x2a ./FreeRTOS/portable/GCC/RISC-V/portASM.o
                                         0x91 (size before relaxing)
 .debug_str     0x0000000000001c61      0x124 ./FreeRTOS/list.o
                                        0x6fd (size before relaxing)
 .debug_str     0x0000000000001d85      0x87b ./FreeRTOS/queue.o
                                       0x13b4 (size before relaxing)
 .debug_str     0x0000000000002600      0x116 ./FreeRTOS/staticmem.o
                                        0x7a1 (size before relaxing)
 .debug_str     0x0000000000002716      0xa94 ./FreeRTOS/tasks.o
                                       0x192f (size before relaxing)
 .debug_str     0x00000000000031aa      0x56b ./FreeRTOS/timers.o
                                       0x1372 (size before relaxing)
 .debug_str     0x0000000000003715       0xc3 ./Debug/debug.o
                                        0x971 (size before relaxing)

.comment        0x0000000000000000       0x33
 .comment       0x0000000000000000       0x33 ./User/ch32v20x_it.o
                                         0x34 (size before relaxing)
 .comment       0x0000000000000033       0x34 ./User/main.o
 .comment       0x0000000000000033       0x34 ./User/system_ch32v20x.o
 .comment       0x0000000000000033       0x34 ./Peripheral/src/ch32v20x_dbgmcu.o
 .comment       0x0000000000000033       0x34 ./Peripheral/src/ch32v20x_gpio.o
 .comment       0x0000000000000033       0x34 ./Peripheral/src/ch32v20x_misc.o
 .comment       0x0000000000000033       0x34 ./Peripheral/src/ch32v20x_rcc.o
 .comment       0x0000000000000033       0x34 ./Peripheral/src/ch32v20x_usart.o
 .comment       0x0000000000000033       0x34 ./FreeRTOS/portable/GCC/RISC-V/port.o
 .comment       0x0000000000000033       0x34 ./FreeRTOS/list.o
 .comment       0x0000000000000033       0x34 ./FreeRTOS/queue.o
 .comment       0x0000000000000033       0x34 ./FreeRTOS/staticmem.o
 .comment       0x0000000000000033       0x34 ./FreeRTOS/tasks.o
 .comment       0x0000000000000033       0x34 ./FreeRTOS/timers.o
 .comment       0x0000000000000033       0x34 ./Debug/debug.o

.debug_frame    0x0000000000000000     0x2030
 .debug_frame   0x0000000000000000       0x30 ./User/ch32v20x_it.o
 .debug_frame   0x0000000000000030       0x7c ./User/main.o
 .debug_frame   0x00000000000000ac       0x3c ./User/system_ch32v20x.o
 .debug_frame   0x00000000000000e8       0x70 ./Peripheral/src/ch32v20x_dbgmcu.o
 .debug_frame   0x0000000000000158      0x170 ./Peripheral/src/ch32v20x_gpio.o
 .debug_frame   0x00000000000002c8       0x30 ./Peripheral/src/ch32v20x_misc.o
 .debug_frame   0x00000000000002f8      0x244 ./Peripheral/src/ch32v20x_rcc.o
 .debug_frame   0x000000000000053c      0x1e4 ./Peripheral/src/ch32v20x_usart.o
 .debug_frame   0x0000000000000720       0xf4 ./FreeRTOS/portable/GCC/RISC-V/port.o
 .debug_frame   0x0000000000000814       0x60 ./FreeRTOS/list.o
 .debug_frame   0x0000000000000874      0x480 ./FreeRTOS/queue.o
 .debug_frame   0x0000000000000cf4       0x30 ./FreeRTOS/staticmem.o
 .debug_frame   0x0000000000000d24      0x67c ./FreeRTOS/tasks.o
 .debug_frame   0x00000000000013a0      0x2a4 ./FreeRTOS/timers.o
 .debug_frame   0x0000000000001644       0xb8 ./Debug/debug.o
 .debug_frame   0x00000000000016fc       0x20 c:/mounriver/mounriver_studio/toolchain/risc-v embedded gcc/bin/../lib/gcc/riscv-none-embed/8.2.0/../../../../riscv-none-embed/lib/rv32imacxw/ilp32\libg_nano.a(lib_a-memcpy.o)
 .debug_frame   0x000000000000171c       0x54 c:/mounriver/mounriver_studio/toolchain/risc-v embedded gcc/bin/../lib/gcc/riscv-none-embed/8.2.0/../../../../riscv-none-embed/lib/rv32imacxw/ilp32\libg_nano.a(lib_a-printf.o)
 .debug_frame   0x0000000000001770       0x54 c:/mounriver/mounriver_studio/toolchain/risc-v embedded gcc/bin/../lib/gcc/riscv-none-embed/8.2.0/../../../../riscv-none-embed/lib/rv32imacxw/ilp32\libg_nano.a(lib_a-puts.o)
 .debug_frame   0x00000000000017c4       0x50 c:/mounriver/mounriver_studio/toolchain/risc-v embedded gcc/bin/../lib/gcc/riscv-none-embed/8.2.0/../../../../riscv-none-embed/lib/rv32imacxw/ilp32\libg_nano.a(lib_a-wbuf.o)
 .debug_frame   0x0000000000001814       0x3c c:/mounriver/mounriver_studio/toolchain/risc-v embedded gcc/bin/../lib/gcc/riscv-none-embed/8.2.0/../../../../riscv-none-embed/lib/rv32imacxw/ilp32\libg_nano.a(lib_a-wsetup.o)
 .debug_frame   0x0000000000001850       0x7c c:/mounriver/mounriver_studio/toolchain/risc-v embedded gcc/bin/../lib/gcc/riscv-none-embed/8.2.0/../../../../riscv-none-embed/lib/rv32imacxw/ilp32\libg_nano.a(lib_a-fflush.o)
 .debug_frame   0x00000000000018cc      0x148 c:/mounriver/mounriver_studio/toolchain/risc-v embedded gcc/bin/../lib/gcc/riscv-none-embed/8.2.0/../../../../riscv-none-embed/lib/rv32imacxw/ilp32\libg_nano.a(lib_a-findfp.o)
 .debug_frame   0x0000000000001a14       0x88 c:/mounriver/mounriver_studio/toolchain/risc-v embedded gcc/bin/../lib/gcc/riscv-none-embed/8.2.0/../../../../riscv-none-embed/lib/rv32imacxw/ilp32\libg_nano.a(lib_a-fwalk.o)
 .debug_frame   0x0000000000001a9c       0x64 c:/mounriver/mounriver_studio/toolchain/risc-v embedded gcc/bin/../lib/gcc/riscv-none-embed/8.2.0/../../../../riscv-none-embed/lib/rv32imacxw/ilp32\libg_nano.a(lib_a-makebuf.o)
 .debug_frame   0x0000000000001b00       0x40 c:/mounriver/mounriver_studio/toolchain/risc-v embedded gcc/bin/../lib/gcc/riscv-none-embed/8.2.0/../../../../riscv-none-embed/lib/rv32imacxw/ilp32\libg_nano.a(lib_a-nano-freer.o)
 .debug_frame   0x0000000000001b40       0x40 c:/mounriver/mounriver_studio/toolchain/risc-v embedded gcc/bin/../lib/gcc/riscv-none-embed/8.2.0/../../../../riscv-none-embed/lib/rv32imacxw/ilp32\libg_nano.a(lib_a-nano-mallocr.o)
 .debug_frame   0x0000000000001b80       0xd0 c:/mounriver/mounriver_studio/toolchain/risc-v embedded gcc/bin/../lib/gcc/riscv-none-embed/8.2.0/../../../../riscv-none-embed/lib/rv32imacxw/ilp32\libg_nano.a(lib_a-nano-vfprintf.o)
 .debug_frame   0x0000000000001c50       0x8c c:/mounriver/mounriver_studio/toolchain/risc-v embedded gcc/bin/../lib/gcc/riscv-none-embed/8.2.0/../../../../riscv-none-embed/lib/rv32imacxw/ilp32\libg_nano.a(lib_a-nano-vfprintf_i.o)
 .debug_frame   0x0000000000001cdc       0x30 c:/mounriver/mounriver_studio/toolchain/risc-v embedded gcc/bin/../lib/gcc/riscv-none-embed/8.2.0/../../../../riscv-none-embed/lib/rv32imacxw/ilp32\libg_nano.a(lib_a-sbrkr.o)
 .debug_frame   0x0000000000001d0c       0xa4 c:/mounriver/mounriver_studio/toolchain/risc-v embedded gcc/bin/../lib/gcc/riscv-none-embed/8.2.0/../../../../riscv-none-embed/lib/rv32imacxw/ilp32\libg_nano.a(lib_a-stdio.o)
 .debug_frame   0x0000000000001db0       0x30 c:/mounriver/mounriver_studio/toolchain/risc-v embedded gcc/bin/../lib/gcc/riscv-none-embed/8.2.0/../../../../riscv-none-embed/lib/rv32imacxw/ilp32\libg_nano.a(lib_a-writer.o)
 .debug_frame   0x0000000000001de0       0x30 c:/mounriver/mounriver_studio/toolchain/risc-v embedded gcc/bin/../lib/gcc/riscv-none-embed/8.2.0/../../../../riscv-none-embed/lib/rv32imacxw/ilp32\libg_nano.a(lib_a-closer.o)
 .debug_frame   0x0000000000001e10       0x30 c:/mounriver/mounriver_studio/toolchain/risc-v embedded gcc/bin/../lib/gcc/riscv-none-embed/8.2.0/../../../../riscv-none-embed/lib/rv32imacxw/ilp32\libg_nano.a(lib_a-fstatr.o)
 .debug_frame   0x0000000000001e40       0x30 c:/mounriver/mounriver_studio/toolchain/risc-v embedded gcc/bin/../lib/gcc/riscv-none-embed/8.2.0/../../../../riscv-none-embed/lib/rv32imacxw/ilp32\libg_nano.a(lib_a-isattyr.o)
 .debug_frame   0x0000000000001e70       0x30 c:/mounriver/mounriver_studio/toolchain/risc-v embedded gcc/bin/../lib/gcc/riscv-none-embed/8.2.0/../../../../riscv-none-embed/lib/rv32imacxw/ilp32\libg_nano.a(lib_a-lseekr.o)
 .debug_frame   0x0000000000001ea0       0x20 c:/mounriver/mounriver_studio/toolchain/risc-v embedded gcc/bin/../lib/gcc/riscv-none-embed/8.2.0/../../../../riscv-none-embed/lib/rv32imacxw/ilp32\libg_nano.a(lib_a-memchr.o)
 .debug_frame   0x0000000000001ec0       0x30 c:/mounriver/mounriver_studio/toolchain/risc-v embedded gcc/bin/../lib/gcc/riscv-none-embed/8.2.0/../../../../riscv-none-embed/lib/rv32imacxw/ilp32\libg_nano.a(lib_a-mlock.o)
 .debug_frame   0x0000000000001ef0       0x30 c:/mounriver/mounriver_studio/toolchain/risc-v embedded gcc/bin/../lib/gcc/riscv-none-embed/8.2.0/../../../../riscv-none-embed/lib/rv32imacxw/ilp32\libg_nano.a(lib_a-readr.o)
 .debug_frame   0x0000000000001f20       0x70 c:/mounriver/mounriver_studio/toolchain/risc-v embedded gcc/bin/../lib/gcc/riscv-none-embed/8.2.0/../../../../riscv-none-embed/lib/rv32imacxw/ilp32\libg_nano.a(lib_a-reent.o)
 .debug_frame   0x0000000000001f90       0x20 c:/mounriver/mounriver_studio/toolchain/risc-v embedded gcc/bin/../lib/gcc/riscv-none-embed/8.2.0/../../../../riscv-none-embed/lib/rv32imacxw/ilp32\libnosys.a(close.o)
 .debug_frame   0x0000000000001fb0       0x20 c:/mounriver/mounriver_studio/toolchain/risc-v embedded gcc/bin/../lib/gcc/riscv-none-embed/8.2.0/../../../../riscv-none-embed/lib/rv32imacxw/ilp32\libnosys.a(fstat.o)
 .debug_frame   0x0000000000001fd0       0x20 c:/mounriver/mounriver_studio/toolchain/risc-v embedded gcc/bin/../lib/gcc/riscv-none-embed/8.2.0/../../../../riscv-none-embed/lib/rv32imacxw/ilp32\libnosys.a(isatty.o)
 .debug_frame   0x0000000000001ff0       0x20 c:/mounriver/mounriver_studio/toolchain/risc-v embedded gcc/bin/../lib/gcc/riscv-none-embed/8.2.0/../../../../riscv-none-embed/lib/rv32imacxw/ilp32\libnosys.a(lseek.o)
 .debug_frame   0x0000000000002010       0x20 c:/mounriver/mounriver_studio/toolchain/risc-v embedded gcc/bin/../lib/gcc/riscv-none-embed/8.2.0/../../../../riscv-none-embed/lib/rv32imacxw/ilp32\libnosys.a(read.o)

.debug_loc      0x0000000000000000     0x7025
 .debug_loc     0x0000000000000000       0x42 ./User/main.o
 .debug_loc     0x0000000000000042       0xac ./User/system_ch32v20x.o
 .debug_loc     0x00000000000000ee       0x7c ./Peripheral/src/ch32v20x_dbgmcu.o
 .debug_loc     0x000000000000016a      0x8a1 ./Peripheral/src/ch32v20x_gpio.o
 .debug_loc     0x0000000000000a0b       0x2d ./Peripheral/src/ch32v20x_misc.o
 .debug_loc     0x0000000000000a38      0x797 ./Peripheral/src/ch32v20x_rcc.o
 .debug_loc     0x00000000000011cf      0x715 ./Peripheral/src/ch32v20x_usart.o
 .debug_loc     0x00000000000018e4       0xad ./FreeRTOS/portable/GCC/RISC-V/port.o
 .debug_loc     0x0000000000001991       0x94 ./FreeRTOS/list.o
 .debug_loc     0x0000000000001a25     0x1dd2 ./FreeRTOS/queue.o
 .debug_loc     0x00000000000037f7     0x25f6 ./FreeRTOS/tasks.o
 .debug_loc     0x0000000000005ded     0x10c1 ./FreeRTOS/timers.o
 .debug_loc     0x0000000000006eae      0x177 ./Debug/debug.o

.stab           0x0000000000000000       0x84
 .stab          0x0000000000000000       0x24 c:/mounriver/mounriver_studio/toolchain/risc-v embedded gcc/bin/../lib/gcc/riscv-none-embed/8.2.0/../../../../riscv-none-embed/lib/rv32imacxw/ilp32\libnosys.a(close.o)
 .stab          0x0000000000000024       0x18 c:/mounriver/mounriver_studio/toolchain/risc-v embedded gcc/bin/../lib/gcc/riscv-none-embed/8.2.0/../../../../riscv-none-embed/lib/rv32imacxw/ilp32\libnosys.a(fstat.o)
                                         0x24 (size before relaxing)
 .stab          0x000000000000003c       0x18 c:/mounriver/mounriver_studio/toolchain/risc-v embedded gcc/bin/../lib/gcc/riscv-none-embed/8.2.0/../../../../riscv-none-embed/lib/rv32imacxw/ilp32\libnosys.a(isatty.o)
                                         0x24 (size before relaxing)
 .stab          0x0000000000000054       0x18 c:/mounriver/mounriver_studio/toolchain/risc-v embedded gcc/bin/../lib/gcc/riscv-none-embed/8.2.0/../../../../riscv-none-embed/lib/rv32imacxw/ilp32\libnosys.a(lseek.o)
                                         0x24 (size before relaxing)
 .stab          0x000000000000006c       0x18 c:/mounriver/mounriver_studio/toolchain/risc-v embedded gcc/bin/../lib/gcc/riscv-none-embed/8.2.0/../../../../riscv-none-embed/lib/rv32imacxw/ilp32\libnosys.a(read.o)
                                         0x24 (size before relaxing)

.stabstr        0x0000000000000000      0x117
 .stabstr       0x0000000000000000      0x117 c:/mounriver/mounriver_studio/toolchain/risc-v embedded gcc/bin/../lib/gcc/riscv-none-embed/8.2.0/../../../../riscv-none-embed/lib/rv32imacxw/ilp32\libnosys.a(close.o)
